Loading weights:   0%|          | 0/148 [00:00<?, ?it/s]Loading weights: 100%|██████████| 148/148 [00:00<00:00, 2386.88it/s]
  association    scored=93    pass@1=0.0000
  multihop       scored=103   pass@1=0.0000
  multilingual   scored=398   pass@1=0.0000
  order-ops      scored=110   pass@1=0.0000
  poetry         scored=98    pass@1=0.0000
  typo           scored=96    pass@1=0.0000
  replicate 0: peak@1=0.000000  scored=898
  association    scored=93    pass@1=0.0000
  multihop       scored=103   pass@1=0.0000
  multilingual   scored=398   pass@1=0.0000
  order-ops      scored=110   pass@1=0.0000
  poetry         scored=98    pass@1=0.0000
  typo           scored=96    pass@1=0.0000
  replicate 1: peak@1=0.000000  scored=898
  association    scored=93    pass@1=0.0000
  multihop       scored=103   pass@1=0.0000
  multilingual   scored=398   pass@1=0.0000
  order-ops      scored=110   pass@1=0.0000
  poetry         scored=98    pass@1=0.0000
  typo           scored=96    pass@1=0.0000
  replicate 2: peak@1=0.000000  scored=898
  association    scored=93    pass@1=0.0000
  multihop       scored=103   pass@1=0.0000
  multilingual   scored=398   pass@1=0.0000
  order-ops      scored=110   pass@1=0.0000
  poetry         scored=98    pass@1=0.0000
  typo           scored=96    pass@1=0.0000
  replicate 3: peak@1=0.000000  scored=898
  association    scored=93    pass@1=0.0000
  multihop       scored=103   pass@1=0.0000
  multilingual   scored=398   pass@1=0.0000
  order-ops      scored=110   pass@1=0.0000
  poetry         scored=98    pass@1=0.0000
  typo           scored=96    pass@1=0.0000
  replicate 4: peak@1=0.000000  scored=898
EQ2-CHECK-NULL-PROFILES-negative PASSED
