Loading weights:   0%|          | 0/311 [00:00<?, ?it/s]Loading weights: 100%|██████████| 311/311 [00:00<00:00, 4069.65it/s]
  association    scored=99    pass@1=0.0000
  multihop       scored=94    pass@1=0.1277
  multilingual   scored=414   pass@1=0.2150
  order-ops      scored=109   pass@1=0.0917
  poetry         scored=98    pass@1=0.0000
  typo           scored=96    pass@1=0.2292

pooled scored intermediates: 910
layer  pass@1 readrate
    0  0.0000
    1  0.0000
    2  0.0000
    3  0.0000
    4  0.0000
    5  0.0011
    6  0.0011
    7  0.0022
    8  0.0022
    9  0.0044
   10  0.0033
   11  0.0044
   12  0.0044
   13  0.0066
   14  0.0055
   15  0.0011
   16  0.0055
   17  0.0011
   18  0.0077
   19  0.0033
   20  0.0143
   21  0.0418
   22  0.0648
   23  0.0703
   24  0.0758
   25  0.0593
   26  0.0286
EQ2-CHECK-RANK-PROFILE-depth PASSED
