Loading weights:   0%|          | 0/339 [00:00<?, ?it/s]Loading weights: 100%|██████████| 339/339 [00:00<00:00, 4076.90it/s]
  association    scored=99    pass@1=0.0101
  multihop       scored=94    pass@1=0.1596
  multilingual   scored=414   pass@1=0.2077
  order-ops      scored=109   pass@1=0.1193
  poetry         scored=98    pass@1=0.0306
  typo           scored=96    pass@1=0.0625

pooled scored intermediates: 910
layer  pass@1 readrate
    0  0.0000
    1  0.0000
    2  0.0000
    3  0.0000
    4  0.0000
    5  0.0000
    6  0.0000
    7  0.0000
    8  0.0000
    9  0.0000
   10  0.0000
   11  0.0000
   12  0.0000
   13  0.0011
   14  0.0022
   15  0.0022
   16  0.0011
   17  0.0000
   18  0.0011
   19  0.0022
   20  0.0044
   21  0.0132
   22  0.0319
   23  0.0791
   24  0.0835
   25  0.0846
   26  0.0319
EQ2-CHECK-RANK-PROFILE-positive PASSED
