Loading weights:   0%|          | 0/339 [00:00<?, ?it/s]Loading weights: 100%|██████████| 339/339 [00:00<00:00, 4101.60it/s]
computing kappa_A
  A: 20/200 rows
  A: 40/200 rows
  A: 60/200 rows
  A: 80/200 rows
  A: 100/200 rows
  A: 120/200 rows
  A: 140/200 rows
  A: 160/200 rows
  A: 180/200 rows
  A: 200/200 rows
computing kappa_B
  B: 20/200 rows
  B: 40/200 rows
  B: 60/200 rows
  B: 80/200 rows
  B: 100/200 rows
  B: 120/200 rows
  B: 140/200 rows
  B: 160/200 rows
  B: 180/200 rows
  B: 200/200 rows
computing kappa_null
  null: 20/200 rows
  null: 40/200 rows
  null: 60/200 rows
  null: 80/200 rows
  null: 100/200 rows
  null: 120/200 rows
  null: 140/200 rows
  null: 160/200 rows
  null: 180/200 rows
  null: 200/200 rows
computing kappa_logitlens
  logitlens: 20/200 rows
  logitlens: 40/200 rows
  logitlens: 60/200 rows
  logitlens: 80/200 rows
  logitlens: 100/200 rows
  logitlens: 120/200 rows
  logitlens: 140/200 rows
  logitlens: 160/200 rows
  logitlens: 180/200 rows
  logitlens: 200/200 rows

layer  kappa_A     kappa_B     kappa_null  kappa_logit
    0       1.043       1.029       0.483       0.637
    1       0.988       0.961       0.485       0.646
    2       0.975       0.944       0.492       0.610
    3       0.958       0.937       0.495       0.598
    4       0.943       0.916       0.501       0.597
    5       0.864       0.844       0.491       0.591
    6       0.889       0.873       0.496       0.588
    7       0.851       0.841       0.486       0.594
    8       0.827       0.818       0.512       0.593
    9       0.856       0.852       0.483       0.602
   10       0.869       0.864       0.492       0.608
   11       0.817       0.814       0.479       0.602
   12       0.780       0.778       0.481       0.597
   13       0.780       0.781       0.490       0.595
   14       0.776       0.777       0.479       0.605
   15       0.752       0.757       0.494       0.604
   16       0.768       0.773       0.492       0.598
   17       0.802       0.808       0.486       0.600
   18       0.812       0.819       0.503       0.601
   19       0.784       0.789       0.489       0.599
   20       0.789       0.795       0.473       0.584
   21       0.808       0.814       0.492       0.591
   22       0.872       0.876       0.507       0.564
   23       0.960       0.964       0.476       0.555
   24       1.002       1.007       0.488       0.535
   25       1.026       1.032       0.489       0.576
   26       0.990       0.995       0.499       0.607
P2-CHECK-KURTOSIS-CURVES PASSED
